// Jest Snapshot v1, https://goo.gl/fbAQLP

exports[`Button snapshot 1`] = `
<DocumentFragment>
  <button
    class="MuiButton-root MuiButton-contained MuiButton-containedPrimary MuiButton-sizeMedium MuiButton-containedSizeMedium MuiButtonBase-root  css-sghohy-MuiButtonBase-root-MuiButton-root"
    tabindex="0"
    type="submit"
  >
    <span
      class="MuiButton-endIcon MuiButton-iconSizeMedium css-9tj150-MuiButton-endIcon"
    >
      <svg
        aria-hidden="true"
        class="MuiSvgIcon-root MuiSvgIcon-fontSizeMedium css-i4bv87-MuiSvgIcon-root"
        data-testid="SendIcon"
        focusable="false"
        viewBox="0 0 24 24"
      >
        <path
          d="M2.01 21 23 12 2.01 3 2 10l15 2-15 2z"
        />
      </svg>
    </span>
    <span
      class="MuiTouchRipple-root css-8je8zh-MuiTouchRipple-root"
    />
  </button>
</DocumentFragment>
`;
